VBCSCompilerPreWarmer: pre-warm launched (dotnet PID 18940)
VBCSCompiler prewarm took 7.28 ms
[Licensing::Module] Trying to connect to existing licensing client channel...
Built from '6000.6/staging' branch; Version is '6000.6.2f1 (770e33f6875c) revision 7802419'; Using compiler version '194234433'; Build Type 'Release'
[Licensing::IpcConnector] Channel LicenseClient-yelyzaveta.khodos doesn't exist
OS: 'Windows 11  (10.0.26200) Education' Language: 'de' Physical Memory: 15525 MB
BatchMode: 1, IsHumanControllingUs: 0, StartBugReporterOnCrash: 0, Is64bit: 1
System  architecture: x64
Process architecture: x64
Date: 2026-09-30T08:55:16Z
[Licensing::Module] Successfully launched the LicensingClient (PId: 41112)

COMMAND LINE ARGUMENTS:
C:\Users\yelyzaveta.khodos.TP-GE26-20\AppData\Local\Unity\Editors\6000.6.2f1\Editor\Unity.exe
-batchmode
-projectPath
C:/Users/yelyzaveta.khodos.TP-GE26-20/Documents/GitHub/quiet-camp/QuietCamp
-executeMethod
QuietCamp.Editor.QuietCampIcon.Apply
-quit
-logFile
C:/Users/yelyzaveta.khodos.TP-GE26-20/Documents/GitHub/quiet-camp/BuildLogs/icon_gen.log
Successfully changed project path to: C:/Users/yelyzaveta.khodos.TP-GE26-20/Documents/GitHub/quiet-camp/QuietCamp
C:/Users/yelyzaveta.khodos.TP-GE26-20/Documents/GitHub/quiet-camp/QuietCamp
[UnityMemory] Configuration Parameters - Can be set up in boot.config
    "memorysetup-temp-allocator-size-gi-baking-worker=262144"
    "memorysetup-temp-allocator-size-gi-baking-worker=262144"
    "memorysetup-temp-allocator-size-gi-baking-worker=262144"
    "memorysetup-temp-allocator-size-gi-baking-worker=262144"
    "memorysetup-temp-allocator-size-gi-baking-worker=262144"
    "memorysetup-temp-allocator-size-nav-mesh-worker=65536"
    "memorysetup-temp-allocator-size-audio-worker=65536"
    "memorysetup-temp-allocator-size-cloud-worker=32768"
    "memorysetup-temp-allocator-size-gfx=262144"
    "memorysetup-remapper-allocator-initial-capacity=32768"
    "memorysetup-temp-allocator-size-preload-manager=33554432"
    "memorysetup-allocator-temp-initial-block-size-main=262144"
    "memorysetup-allocator-temp-initial-block-size-worker=262144"
    "memorysetup-temp-allocator-size-job-worker=262144"
    "memorysetup-temp-allocator-size-background-worker=32768"
    "memorysetup-bucket-allocator-granularity=16"
    "memorysetup-bucket-allocator-bucket-count=8"
    "memorysetup-bucket-allocator-block-size=33554432"
    "memorysetup-bucket-allocator-block-count=8"
    "memorysetup-main-allocator-block-size=16777216"
    "memorysetup-thread-allocator-block-size=16777216"
    "memorysetup-main-allocator-mimalloc-enabled=1"
    "memorysetup-gfx-main-allocator-block-size=16777216"
    "memorysetup-gfx-thread-allocator-block-size=16777216"
    "memorysetup-cache-allocator-block-size=4194304"
    "memorysetup-typetree-allocator-block-size=2097152"
    "memorysetup-profiler-bucket-allocator-granularity=16"
    "memorysetup-profiler-bucket-allocator-bucket-count=8"
    "memorysetup-profiler-bucket-allocator-block-size=33554432"
    "memorysetup-profiler-bucket-allocator-block-count=8"
    "memorysetup-profiler-allocator-block-size=16777216"
    "memorysetup-profiler-editor-allocator-block-size=1048576"
    "memorysetup-temp-allocator-size-main=16777216"
    "memorysetup-job-temp-allocator-block-size=2097152"
    "memorysetup-job-temp-allocator-block-size-background=1048576"
    "memorysetup-job-temp-allocator-reduction-small-platforms=262144"
Logging is directed to a specific file, skipping project log.
Player connection [19712]  Target information:

Player connection [19712]  * "[IP] 192.168.0.98 [Port] 55504 [Flags] 2 [Guid] 3858015290 [EditorId] 3858015290 [Version] 1048832 [Id] WindowsEditor(7,TP-GE26-20) [Debug] 1 [PackageName] WindowsEditor [ProjectName] Editor" 

Player connection [19712] Host joined multi-casting on [225.0.0.222:54997]...
Player connection [19712] Host joined alternative multi-casting on [225.0.0.222:34997]...
Input System module state changed to: Initialized.
[Physics::Module] Initialized fallback backend.
[Physics::Module] Id: 0xdecafbad
Starting IPC server.
Waiting for clients to connect on \\.\pipe\Unity-LicenseClient-yelyzaveta.khodos, press Ctrl-C to exit.
[Licensing::IpcConnector] Successfully connected to: "LicenseClient-yelyzaveta.khodos" at "2026-09-30T08:55:16.8627061Z"
[Licensing::Client] Code 10 while verifying Licensing Client signature (process Id: 41112, path: "C:/Users/yelyzaveta.khodos.TP-GE26-20/AppData/Local/Unity/Editors/6000.6.2f1/Editor/Data/Resources/Licensing/Client/Unity.Licensing.Client.exe")
[Licensing::Module] LicensingClient has failed validation; ignoring
[Package Manager] Connected to IPC stream "Upm-23084" after 0.2 seconds.
[Licensing::Module] Licensing is not yet initialized.
[Licensing::Client] Handshaking with LicensingClient:
  Version:                 1.18.3+d7ffd15
  Session Id:              2da142d3f19542d6877c8b4b67c05052
  Correlation Id:          7965955a2bdd21351935044e811e2138
  External correlation Id: 3320071036361762421
  Machine Id:              uBoc3C+bXpE5decDhEYNnWFYsDs=
[Licensing::Module] Successfully connected to LicensingClient on channel: "LicenseClient-yelyzaveta.khodos" (connect: 0.37s, validation: 0.05s, handshake: 0.04s)
[Licensing::IpcConnector] Successfully connected to: "LicenseClient-yelyzaveta.khodos-notifications" at "2026-09-30T08:55:16.9511789Z"
[Licensing::Module] Connected to LicensingClient (PId: 41112, launch time: 0.00, total connection time: 0.46s)
[Licensing::Module] Error: Access token is unavailable; failed to update
[Licensing::Client] Successfully resolved entitlement details
[Licensing::Module] License group:
  Id: 9072311421786-UnityPersXXXX
  Product: Unity Personal
  Type: Assigned
  Expiration: Unlimited
[Licensing::Client] Successfully updated license, isAsync: True, time: 0.01
[Licensing::Client] Successfully resolved entitlement details
[Licensing::Module] Licensing Background thread has ended after 0.53s
[Licensing::Module] Licensing is initialized (took 0.10s).
[Licensing::Client] Successfully resolved entitlement details
Library Redirect Path: Library/
Initialising UDS system complete:
  - System type: Client
  - Resource namespace: f13d4c83382f8b2176f6d0a52cb86332
  - Shared memory size: 1073741824
  - Command buffer id: 1052576
  - Command buffer size: 8192
  - Hashmap size: 4194304
  - Service connected: false
Launching Unity Data Store - C:/Users/yelyzaveta.khodos.TP-GE26-20/AppData/Local/Unity/Editors/6000.6.2f1/Editor/Data/Tools/Unity.DataStore.exe 
Unity Data Store artifact dir = Library/DataStore, working dir = C:/Users/yelyzaveta.khodos.TP-GE26-20/Documents/GitHub/quiet-camp/QuietCamp[Physics::Module] Selected backend.
[Physics::Module] Name: PhysX
[Physics::Module] Id: 0xf2b8ea05
[Physics::Module] SDK Version: 4.1.2
[Physics::Module] Integration Version: 1.0.0
[Physics::Module] Threading Mode: Multi-Threaded
Active build profile path: `Assets/Settings/Build Profiles/Android Release.asset`
Unity Data Store running and initialised
Got setting from build profile YAML, name `m_BuildSubtarget`, value `0`
[Licensing::Client] Successfully resolved entitlement details
Got setting from build profile YAML, name `m_BuildTarget`, value `13`
Got setting from build profile YAML, name `m_Subtarget`, value `0`
Initialize engine version: 6000.6.2f1 (770e33f6875c)
[EntityIdStore] init: VM path (explicit commit), pageSize=4096, blockCount=1048576, entitiesPerBlock=256, slots reserved=4294967296 bytes
[Subsystems] Discovering subsystems at path C:/Users/yelyzaveta.khodos.TP-GE26-20/AppData/Local/Unity/Editors/6000.6.2f1/Editor/Data/Resources/UnitySubsystems
[Subsystems] Discovering subsystems at path C:/Users/yelyzaveta.khodos.TP-GE26-20/Documents/GitHub/quiet-camp/QuietCamp/Assets
GfxDevice: creating device client; kGfxThreadingModeNonThreaded
d3d12: failed to query info queue interface (0x80004002).
Direct3D:
    Version:         Direct3D 12 [level 12.2]
    Renderer:        AMD Radeon(TM)  840M Graphics (ID=0x1114)
    Vendor:          ATI
    VRAM:            7762 MB
    App VRAM Budget: 7555 MB
    Driver:          32.0.22042.31003
    Unified Memory Architecture
Got setting from build profile YAML, name `m_BuildSubtarget`, value `0`
Got setting from build profile YAML, name `m_BuildSubtarget`, value `0`
Got setting from build profile YAML, name `m_BuildSubtarget`, value `0`
Initialize mono
Mono path[0] = 'C:/Users/yelyzaveta.khodos.TP-GE26-20/AppData/Local/Unity/Editors/6000.6.2f1/Editor/Data/Managed'
Mono path[1] = 'C:/Users/yelyzaveta.khodos.TP-GE26-20/AppData/Local/Unity/Editors/6000.6.2f1/Editor/Data/BCLExtensions/runtime/netstandard2.1'
Mono path[2] = 'C:/Users/yelyzaveta.khodos.TP-GE26-20/AppData/Local/Unity/Editors/6000.6.2f1/Editor/Data/MonoBleedingEdge/lib/mono/unityjit-win32'
Mono config path = 'C:/Users/yelyzaveta.khodos.TP-GE26-20/AppData/Local/Unity/Editors/6000.6.2f1/Editor/Data/MonoBleedingEdge/etc'
Using monoOptions --debugger-agent=transport=dt_socket,embedding=1,server=y,suspend=n,address=127.0.0.1:56084
CodeReloadManager initialized
ImportWorker Server TCP listen port: 0
AcceleratorClientConnectionCallback - disconnected - :0
Got setting from build profile YAML, name `m_BuildSubtarget`, value `0`
Got setting from build profile YAML, name `m_BuildSubtarget`, value `0`
Begin MonoManager ReloadAssembly
Registering precompiled unity dll's ...
Register platform support module: C:/Users/yelyzaveta.khodos.TP-GE26-20/AppData/Local/Unity/Editors/6000.6.2f1/Editor/Data/PlaybackEngines/WindowsStandaloneSupport/UnityEditor.WindowsStandalone.Extensions.dll
Register platform support module: C:/Users/yelyzaveta.khodos.TP-GE26-20/AppData/Local/Unity/Editors/6000.6.2f1/Editor/Data/PlaybackEngines/AndroidPlayer/UnityEditor.Android.Extensions.dll
Registered in 0.003325 seconds.
Got setting from build profile YAML, name `m_BuildSubtarget`, value `0`
Got setting from build profile YAML, name `m_BuildSubtarget`, value `0`
Got setting from build profile YAML, name `m_BuildSubtarget`, value `0`
Got setting from build profile YAML, name `m_BuildSubtarget`, value `0`
Got setting from build profile YAML, name `m_BuildSubtarget`, value `0`
Got setting from build profile YAML, name `m_BuildSubtarget`, value `0`
Native extension for Android target not found
Native extension for WindowsStandalone target not found
Package Manager log level set to [2]
ScheduleIndexationOnStartup MainProcess:False IndexOnStartup:True
Scripting: successfully reloaded assembly
- Finished resetting the current domain, in  0.577 seconds
Domain Reload Profiling: 1114ms
	BeginReloadAssembly (143ms)
		CreateAndSetChildDomain (16ms)
	RebuildCommonClasses (5ms)
	RebuildNativeTypeToScriptingClass (15ms)
	initialDomainReloadingComplete (86ms)
	LoadAllAssembliesAndSetupDomain (287ms)
		LoadAssemblies (122ms)
		TypeCache.Refresh (194ms)
			TypeCache.ScanAssembly (181ms)
		AnalyzeDomain (1ms)
	FinalizeReload (579ms)
		SetupLoadedEditorAssemblies (0ms)
			InitializePlatformSupportModulesInManaged (8ms)
			BeforeProcessingInitializeOnLoad (81ms)
			ProcessInitializeOnLoadAttributes (85ms)
			ProcessInitializeOnLoadMethodAttributes (205ms)
[Licensing::Client] Successfully resolved entitlement details
[Licensing::Client] Successfully resolved entitlement details
Application.AssetDatabase Initial Refresh Start
[Package Manager] Restoring resolved packages state from cache
[Licensing::Client] Successfully resolved entitlement details
[Package Manager] Registered 41 packages:
  Packages from [https://packages.unity.com]:
    com.unity.inputsystem@1.20.0 (location: C:\Users\yelyzaveta.khodos.TP-GE26-20\Documents\GitHub\quiet-camp\QuietCamp\Library\PackageCache\com.unity.inputsystem@7a4e1a2a8194)
    com.unity.nuget.newtonsoft-json@3.2.2 (location: C:\Users\yelyzaveta.khodos.TP-GE26-20\Documents\GitHub\quiet-camp\QuietCamp\Library\PackageCache\com.unity.nuget.newtonsoft-json@4dfd81071c64)
    com.unity.searcher@4.9.5 (location: C:\Users\yelyzaveta.khodos.TP-GE26-20\Documents\GitHub\quiet-camp\QuietCamp\Library\PackageCache\com.unity.searcher@a463122f2c00)
    com.unity.profiling.core@1.0.3 (location: C:\Users\yelyzaveta.khodos.TP-GE26-20\Documents\GitHub\quiet-camp\QuietCamp\Library\PackageCache\com.unity.profiling.core@8a49f7027d06)
    com.unity.nuget.mono-cecil@1.11.6 (location: C:\Users\yelyzaveta.khodos.TP-GE26-20\Documents\GitHub\quiet-camp\QuietCamp\Library\PackageCache\com.unity.nuget.mono-cecil@ecb9724e46ff)
  Built-in packages:
    com.unity.render-pipelines.universal@17.6.0 (location: C:\Users\yelyzaveta.khodos.TP-GE26-20\Documents\GitHub\quiet-camp\QuietCamp\Library\PackageCache\com.unity.render-pipelines.universal@1e1cf3dcbd40)
    com.unity.test-framework@1.8.0 (location: C:\Users\yelyzaveta.khodos.TP-GE26-20\Documents\GitHub\quiet-camp\QuietCamp\Library\PackageCache\com.unity.test-framework@7a3849e09bd0)
    com.unity.ugui@2.6.0 (location: C:\Users\yelyzaveta.khodos.TP-GE26-20\Documents\GitHub\quiet-camp\QuietCamp\Library\PackageCache\com.unity.ugui@0f30cee369f3)
    com.unity.modules.audio@1.0.0 (location: C:\Users\yelyzaveta.khodos.TP-GE26-20\Documents\GitHub\quiet-camp\QuietCamp\Library\PackageCache\com.unity.modules.audio)
    com.unity.modules.animation@1.0.0 (location: C:\Users\yelyzaveta.khodos.TP-GE26-20\Documents\GitHub\quiet-camp\QuietCamp\Library\PackageCache\com.unity.modules.animation)
    com.unity.modules.imgui@1.0.0 (location: C:\Users\yelyzaveta.khodos.TP-GE26-20\Documents\GitHub\quiet-camp\QuietCamp\Library\PackageCache\com.unity.modules.imgui)
    com.unity.modules.imageconversion@1.0.0 (location: C:\Users\yelyzaveta.khodos.TP-GE26-20\Documents\GitHub\quiet-camp\QuietCamp\Library\PackageCache\com.unity.modules.imageconversion)
    com.unity.modules.jsonserialize@1.0.0 (location: C:\Users\yelyzaveta.khodos.TP-GE26-20\Documents\GitHub\quiet-camp\QuietCamp\Library\PackageCache\com.unity.modules.jsonserialize)
    com.unity.modules.particlesystem@1.0.0 (location: C:\Users\yelyzaveta.khodos.TP-GE26-20\Documents\GitHub\quiet-camp\QuietCamp\Library\PackageCache\com.unity.modules.particlesystem)
    com.unity.modules.physics@1.0.0 (location: C:\Users\yelyzaveta.khodos.TP-GE26-20\Documents\GitHub\quiet-camp\QuietCamp\Library\PackageCache\com.unity.modules.physics)
    com.unity.modules.physics2d@1.0.0 (location: C:\Users\yelyzaveta.khodos.TP-GE26-20\Documents\GitHub\quiet-camp\QuietCamp\Library\PackageCache\com.unity.modules.physics2d)
    com.unity.modules.ui@1.0.0 (location: C:\Users\yelyzaveta.khodos.TP-GE26-20\Documents\GitHub\quiet-camp\QuietCamp\Library\PackageCache\com.unity.modules.ui)
    com.unity.modules.uielements@1.0.0 (location: C:\Users\yelyzaveta.khodos.TP-GE26-20\Documents\GitHub\quiet-camp\QuietCamp\Library\PackageCache\com.unity.modules.uielements)
    com.unity.modules.unitywebrequest@1.0.0 (location: C:\Users\yelyzaveta.khodos.TP-GE26-20\Documents\GitHub\quiet-camp\QuietCamp\Library\PackageCache\com.unity.modules.unitywebrequest)
    com.unity.modules.unitywebrequestaudio@1.0.0 (location: C:\Users\yelyzaveta.khodos.TP-GE26-20\Documents\GitHub\quiet-camp\QuietCamp\Library\PackageCache\com.unity.modules.unitywebrequestaudio)
    com.unity.modules.screencapture@1.0.0 (location: C:\Users\yelyzaveta.khodos.TP-GE26-20\Documents\GitHub\quiet-camp\QuietCamp\Library\PackageCache\com.unity.modules.screencapture)
    com.unity.modules.androidjni@1.0.0 (location: C:\Users\yelyzaveta.khodos.TP-GE26-20\Documents\GitHub\quiet-camp\QuietCamp\Library\PackageCache\com.unity.modules.androidjni)
    com.unity.modules.hierarchycore@1.0.0 (location: C:\Users\yelyzaveta.khodos.TP-GE26-20\Documents\GitHub\quiet-camp\QuietCamp\Library\PackageCache\com.unity.modules.hierarchycore)
    com.unity.modules.physicscore2d@1.0.0 (location: C:\Users\yelyzaveta.khodos.TP-GE26-20\Documents\GitHub\quiet-camp\QuietCamp\Library\PackageCache\com.unity.modules.physicscore2d)
    com.unity.ext.nunit@2.1.0 (location: C:\Users\yelyzaveta.khodos.TP-GE26-20\Documents\GitHub\quiet-camp\QuietCamp\Library\PackageCache\com.unity.ext.nunit@0198eae3b53e)
    com.unity.render-pipelines.core@17.6.0 (location: C:\Users\yelyzaveta.khodos.TP-GE26-20\Documents\GitHub\quiet-camp\QuietCamp\Library\PackageCache\com.unity.render-pipelines.core@a14850be21a6)
    com.unity.shadergraph@17.6.0 (location: C:\Users\yelyzaveta.khodos.TP-GE26-20\Documents\GitHub\quiet-camp\QuietCamp\Library\PackageCache\com.unity.shadergraph@96a7923f6bed)
    com.unity.render-pipelines.universal-config@17.6.0 (location: C:\Users\yelyzaveta.khodos.TP-GE26-20\Documents\GitHub\quiet-camp\QuietCamp\Library\PackageCache\com.unity.render-pipelines.universal-config@561422b74439)
    com.unity.graph-authoring@1.0.0 (location: C:\Users\yelyzaveta.khodos.TP-GE26-20\Documents\GitHub\quiet-camp\QuietCamp\Library\PackageCache\com.unity.graph-authoring@cfd2588851ee)
    com.unity.burst@2.0.0 (location: C:\Users\yelyzaveta.khodos.TP-GE26-20\Documents\GitHub\quiet-camp\QuietCamp\Library\PackageCache\com.unity.burst@626e66ab421b)
    com.unity.collections@6.6.0 (location: C:\Users\yelyzaveta.khodos.TP-GE26-20\Documents\GitHub\quiet-camp\QuietCamp\Library\PackageCache\com.unity.collections@10fff0607388)
    com.unity.test-framework.performance@6.6.0 (location: C:\Users\yelyzaveta.khodos.TP-GE26-20\Documents\GitHub\quiet-camp\QuietCamp\Library\PackageCache\com.unity.test-framework.performance@0a60b857a52e)
  Embedded packages:
    com.kruty1918.audio@file:C:\Users\yelyzaveta.khodos.TP-GE26-20\Documents\GitHub\quiet-camp\QuietCamp\Packages\com.kruty1918.audio (location: C:\Users\yelyzaveta.khodos.TP-GE26-20\Documents\GitHub\quiet-camp\QuietCamp\Packages\com.kruty1918.audio)
    com.kruty1918.input-context@file:C:\Users\yelyzaveta.khodos.TP-GE26-20\Documents\GitHub\quiet-camp\QuietCamp\Packages\com.kruty1918.input-context (location: C:\Users\yelyzaveta.khodos.TP-GE26-20\Documents\GitHub\quiet-camp\QuietCamp\Packages\com.kruty1918.input-context)
    com.kruty1918.ui-actions@file:C:\Users\yelyzaveta.khodos.TP-GE26-20\Documents\GitHub\quiet-camp\QuietCamp\Packages\com.kruty1918.ui-actions (location: C:\Users\yelyzaveta.khodos.TP-GE26-20\Documents\GitHub\quiet-camp\QuietCamp\Packages\com.kruty1918.ui-actions)
    com.kruty1918.localization@file:C:\Users\yelyzaveta.khodos.TP-GE26-20\Documents\GitHub\quiet-camp\QuietCamp\Packages\com.kruty1918.localization (location: C:\Users\yelyzaveta.khodos.TP-GE26-20\Documents\GitHub\quiet-camp\QuietCamp\Packages\com.kruty1918.localization)
    com.kruty1918.save-system@file:C:\Users\yelyzaveta.khodos.TP-GE26-20\Documents\GitHub\quiet-camp\QuietCamp\Packages\com.kruty1918.save-system (location: C:\Users\yelyzaveta.khodos.TP-GE26-20\Documents\GitHub\quiet-camp\QuietCamp\Packages\com.kruty1918.save-system)
    com.kruty1918.ui-foundation@file:C:\Users\yelyzaveta.khodos.TP-GE26-20\Documents\GitHub\quiet-camp\QuietCamp\Packages\com.kruty1918.ui-foundation (location: C:\Users\yelyzaveta.khodos.TP-GE26-20\Documents\GitHub\quiet-camp\QuietCamp\Packages\com.kruty1918.ui-foundation)
    com.kruty1918.notifications@file:C:\Users\yelyzaveta.khodos.TP-GE26-20\Documents\GitHub\quiet-camp\QuietCamp\Packages\com.kruty1918.notifications (location: C:\Users\yelyzaveta.khodos.TP-GE26-20\Documents\GitHub\quiet-camp\QuietCamp\Packages\com.kruty1918.notifications)
    com.kruty1918.runtime-diagnostics@file:C:\Users\yelyzaveta.khodos.TP-GE26-20\Documents\GitHub\quiet-camp\QuietCamp\Packages\com.kruty1918.runtime-diagnostics (location: C:\Users\yelyzaveta.khodos.TP-GE26-20\Documents\GitHub\quiet-camp\QuietCamp\Packages\com.kruty1918.runtime-diagnostics)
    com.kruty1918.adaptive-performance@file:C:\Users\yelyzaveta.khodos.TP-GE26-20\Documents\GitHub\quiet-camp\QuietCamp\Packages\com.kruty1918.adaptive-performance (location: C:\Users\yelyzaveta.khodos.TP-GE26-20\Documents\GitHub\quiet-camp\QuietCamp\Packages\com.kruty1918.adaptive-performance)
[Subsystems] No new subsystems found in resolved package list.
[Package Manager] Done registering packages in 0.08 seconds
Asset Packages/com.unity.collections/Unity.Collections.PerformanceTests/Unity.PerformanceTesting.Benchmark/PerformanceTestFrameworkOutput.png has no meta file, but it's in an immutable folder. The asset will be ignored.
Asset Packages/com.unity.collections/Unity.Collections.Tests/Jobs/CoreCLRTestAssemblies/InternalJobNestedPrivate/InternalJobNestedPrivate.asmdef has no meta file, but it's in an immutable folder. The asset will be ignored.
Asset Packages/com.unity.collections/Unity.Collections.Tests/Jobs/CoreCLRTestAssemblies/InternalJobNestedPrivate/InternalJobNestedPrivate.cs has no meta file, but it's in an immutable folder. The asset will be ignored.
Asset Packages/com.unity.collections/Unity.Collections.Tests/Jobs/CoreCLRTestAssemblies/PublicJobPrivateGeneric/PublicJobPrivateGeneric.asmdef has no meta file, but it's in an immutable folder. The asset will be ignored.
Asset Packages/com.unity.render-pipelines.core/Editor-PrivateShared/Tools/Converter/Window/RenderPipelineConverterVisualElementListFilter.uss has no meta file, but it's in an immutable folder. The asset will be ignored.
Asset Packages/com.unity.render-pipelines.core/Editor-PrivateShared/Tools/Converter/Window/RenderPipelineConverterVisualElementListFilter.uxml has no meta file, but it's in an immutable folder. The asset will be ignored.
Asset Packages/com.unity.render-pipelines.core/Tests/Editor/RenderPipeline/SettingsStrippingResults/KeepAStripper_RemoveAStripper_A_B_C.json has no meta file, but it's in an immutable folder. The asset will be ignored.
Asset Packages/com.unity.render-pipelines.universal/Runtime/RendererFeatures/ScreenSpaceReflectionRendererFeature/ScreenSpaceReflectionPass.cs has no meta file, but it's in an immutable folder. The asset will be ignored.
Asset Packages/com.unity.render-pipelines.universal/Tests/Editor/Tools/Converters/AnimationClipConverter/AnimationClipUpgradePathsCacheTests.cs has no meta file, but it's in an immutable folder. The asset will be ignored.
Asset Packages/com.unity.render-pipelines.universal/Tests/Editor/Tools/Converters/MaterialUpgrader/AutodeskInteractiveFadeMaterialUpgradeTest.cs has no meta file, but it's in an immutable folder. The asset will be ignored.
Asset Packages/com.unity.render-pipelines.universal/Tests/Editor/Tools/Converters/MaterialUpgrader/SpeedTreeBillboardMaterialUpgraderTest.cs has no meta file, but it's in an immutable folder. The asset will be ignored.
Asset Packages/com.unity.render-pipelines.universal/Tests/Editor/Tools/Converters/ReadonlyMaterialConverter/ReadonlyMaterialConverterTests.cs has no meta file, but it's in an immutable folder. The asset will be ignored.
[ScriptCompilation] Requested script compilation because: AssetDatabase observed changes in script compilation related files
Starting: C:\Users\yelyzaveta.khodos.TP-GE26-20\AppData\Local\Unity\Editors\6000.6.2f1\Editor\Data\Tools\BuildPipeline\bee_backend.exe --ipc --defer-dag-verification --dagfile="Library/Bee/1300b0aE.dag" --continue-on-failure --profile="Library/Bee/backend1.traceevents" ScriptAssemblies
WorkingDir: C:/Users/yelyzaveta.khodos.TP-GE26-20/Documents/GitHub/quiet-camp/QuietCamp
DisplayProgressbar: Compiling Scripts
ExitCode: 0 Duration: 1s233ms
[676/880    0s] ILPP-Configuration Library/ilpp-configuration.nevergeneratedoutput
[860/880    0s] Csc Library/Bee/artifacts/1300b0aE.dag/QuietCamp.Presentation.dll (+2 others)
Assets\QuietCamp\Scripts\Presentation\UI\CampHud.cs(42,37): warning CS0067: The event 'CampHud.GuestSelected' is never used
[861/880    0s] ILPostProcess Library/Bee/artifacts/1300b0aE.dag/post-processed/QuietCamp.Presentation.dll (+pdb)
Processing assembly Library/Bee/artifacts/1300b0aE.dag/QuietCamp.Presentation.dll, with 154 defines and 294 references

processors: Unity.Jobs.CodeGen.JobsILPostProcessor, zzzUnity.Burst.CodeGen.BurstILPostProcessor

1 processor(s) skipped this assembly

running Unity.Jobs.CodeGen.JobsILPostProcessor
[862/880    0s] CopyFiles Library/ScriptAssemblies/QuietCamp.Presentation.pdb
[863/880    0s] CopyFiles Library/ScriptAssemblies/QuietCamp.Presentation.dll
[864/880    0s] Csc Library/Bee/artifacts/1300b0aE.dag/QuietCamp.Editor.dll (+2 others)
[865/880    0s] Csc Library/Bee/artifacts/1300b0aE.dag/QuietCamp.Tests.PlayMode.dll (+2 others)
Assets\QuietCamp\Tests\PlayMode\ScreenshotPlayModeTest.cs(91,61): warning CS0618: 'FindObjectsSortMode' is obsolete: 'FindObjectsSortMode has been deprecated. Use the FindObjectsByType overloads that do not take a FindObjectsSortMode parameter.'

Assets\QuietCamp\Tests\PlayMode\ScreenshotPlayModeTest.cs(91,25): warning CS0618: 'Object.FindObjectsByType<T>(FindObjectsSortMode)' is obsolete: 'FindObjectsByType with FindObjectsSortMode parameter has been deprecated. Use FindObjectsByType<T>() or FindObjectsByType<T>(FindObjectsInactive) instead. InstanceID will be replaced in the future with EntityId and previous sort order cannot be maintained.'

Assets\QuietCamp\Tests\PlayMode\ScreenshotPlayModeTest.cs(102,67): warning CS0618: 'FindObjectsSortMode' is obsolete: 'FindObjectsSortMode has been deprecated. Use the FindObjectsByType overloads that do not take a FindObjectsSortMode parameter.'

Assets\QuietCamp\Tests\PlayMode\ScreenshotPlayModeTest.cs(102,19): warning CS0618: 'Object.FindObjectsByType<T>(FindObjectsSortMode)' is obsolete: 'FindObjectsByType with FindObjectsSortMode parameter has been deprecated. Use FindObjectsByType<T>() or FindObjectsByType<T>(FindObjectsInactive) instead. InstanceID will be replaced in the future with EntityId and previous sort order cannot be maintained.'
[866/880    0s] ILPostProcess Library/Bee/artifacts/1300b0aE.dag/post-processed/QuietCamp.Editor.dll (+pdb)
Processing assembly Library/Bee/artifacts/1300b0aE.dag/QuietCamp.Editor.dll, with 155 defines and 319 references

processors: Unity.Jobs.CodeGen.JobsILPostProcessor, zzzUnity.Burst.CodeGen.BurstILPostProcessor

1 processor(s) skipped this assembly

running Unity.Jobs.CodeGen.JobsILPostProcessor
[867/880    0s] ILPostProcess Library/Bee/artifacts/1300b0aE.dag/post-processed/QuietCamp.Tests.PlayMode.dll (+pdb)
Processing assembly Library/Bee/artifacts/1300b0aE.dag/QuietCamp.Tests.PlayMode.dll, with 154 defines and 277 references

processors: Unity.Jobs.CodeGen.JobsILPostProcessor, zzzUnity.Burst.CodeGen.BurstILPostProcessor

1 processor(s) skipped this assembly

running Unity.Jobs.CodeGen.JobsILPostProcessor
[868/880    0s] CopyFiles Library/ScriptAssemblies/QuietCamp.Editor.dll
[869/880    0s] CopyFiles Library/ScriptAssemblies/QuietCamp.Editor.pdb
[870/880    0s] CopyFiles Library/ScriptAssemblies/QuietCamp.Tests.PlayMode.dll
[871/880    0s] CopyFiles Library/ScriptAssemblies/QuietCamp.Tests.PlayMode.pdb
[872/880    0s] Csc Library/Bee/artifacts/1300b0aE.dag/Assembly-CSharp-firstpass.dll (+2 others)
[873/880    0s] ILPostProcess Library/Bee/artifacts/1300b0aE.dag/post-processed/Assembly-CSharp-firstpass.dll (+pdb)
Processing assembly Library/Bee/artifacts/1300b0aE.dag/Assembly-CSharp-firstpass.dll, with 154 defines and 328 references

processors: Unity.Jobs.CodeGen.JobsILPostProcessor, zzzUnity.Burst.CodeGen.BurstILPostProcessor

1 processor(s) skipped this assembly

running Unity.Jobs.CodeGen.JobsILPostProcessor
[874/880    0s] CopyFiles Library/ScriptAssemblies/Assembly-CSharp-firstpass.pdb
[875/880    0s] CopyFiles Library/ScriptAssemblies/Assembly-CSharp-firstpass.dll
[876/880    0s] Csc Library/Bee/artifacts/1300b0aE.dag/Assembly-CSharp-Editor-firstpass.dll (+2 others)
[877/880    0s] ILPostProcess Library/Bee/artifacts/1300b0aE.dag/post-processed/Assembly-CSharp-Editor-firstpass.dll (+pdb)
Processing assembly Library/Bee/artifacts/1300b0aE.dag/Assembly-CSharp-Editor-firstpass.dll, with 155 defines and 366 references

processors: Unity.Jobs.CodeGen.JobsILPostProcessor, zzzUnity.Burst.CodeGen.BurstILPostProcessor

1 processor(s) skipped this assembly

running Unity.Jobs.CodeGen.JobsILPostProcessor
[878/880    0s] CopyFiles Library/ScriptAssemblies/Assembly-CSharp-Editor-firstpass.dll
[879/880    0s] CopyFiles Library/ScriptAssemblies/Assembly-CSharp-Editor-firstpass.pdb
*** Tundra build success (1.20 seconds), 21 items updated, 880 evaluated
Assets\QuietCamp\Scripts\Presentation\UI\CampHud.cs(42,37): warning CS0067: The event 'CampHud.GuestSelected' is never used
Assets\QuietCamp\Tests\PlayMode\ScreenshotPlayModeTest.cs(91,61): warning CS0618: 'FindObjectsSortMode' is obsolete: 'FindObjectsSortMode has been deprecated. Use the FindObjectsByType overloads that do not take a FindObjectsSortMode parameter.'
Assets\QuietCamp\Tests\PlayMode\ScreenshotPlayModeTest.cs(91,25): warning CS0618: 'Object.FindObjectsByType<T>(FindObjectsSortMode)' is obsolete: 'FindObjectsByType with FindObjectsSortMode parameter has been deprecated. Use FindObjectsByType<T>() or FindObjectsByType<T>(FindObjectsInactive) instead. InstanceID will be replaced in the future with EntityId and previous sort order cannot be maintained.'
Assets\QuietCamp\Tests\PlayMode\ScreenshotPlayModeTest.cs(102,67): warning CS0618: 'FindObjectsSortMode' is obsolete: 'FindObjectsSortMode has been deprecated. Use the FindObjectsByType overloads that do not take a FindObjectsSortMode parameter.'
Assets\QuietCamp\Tests\PlayMode\ScreenshotPlayModeTest.cs(102,19): warning CS0618: 'Object.FindObjectsByType<T>(FindObjectsSortMode)' is obsolete: 'FindObjectsByType with FindObjectsSortMode parameter has been deprecated. Use FindObjectsByType<T>() or FindObjectsByType<T>(FindObjectsInactive) instead. InstanceID will be replaced in the future with EntityId and previous sort order cannot be maintained.'
AssetDatabase: script compilation time: 1.745335s
Begin MonoManager ReloadAssembly
Symbol file LoadedFromMemory is not a mono symbol file
'Packages/com.unity.render-pipelines.core/Editor/Deprecated.cs' contains partial class of Unity.Object, exactly 1 of the partial classes needs to be in a file with the same filename. This is to know the one that can be referenced from ie. GameObjects
'Packages/com.unity.render-pipelines.core/Editor/Deprecated.cs' contains partial class of Unity.Object, exactly 1 of the partial classes needs to be in a file with the same filename. This is to know the one that can be referenced from ie. GameObjects
Importing 'GUID: 828d2b2f31724b5ca131202b074071a3 - Path: Assets/QuietCamp/Tests/Editor/QuietCamp.Tests.Editor.asmdef' with importer (AssemblyDefinitionImporter)
Imported 'GUID: 828d2b2f31724b5ca131202b074071a3' -> (Import Result ID: '8e1083ae728d98a72d2da85411c092f4') in 0.017 seconds [static dependencies only]. Details - ImportResultOutputID=47e85af1d15b8a551372df743f74d711 DependenciesID=ce4cd4b1aed7e962ad21dcb05f7cdada StaticDependenciesID=193f9594f128b23f76b101274edba754 
Native extension for Android target not found
Native extension for WindowsStandalone target not found
ScheduleIndexationOnStartup MainProcess:True IndexOnStartup:True
Scripting: successfully reloaded assembly
- Finished resetting the current domain, in  0.732 seconds
Domain Reload Profiling: 1761ms
	BeginReloadAssembly (363ms)
		DisableScriptedObjects (26ms)
		CreateAndSetChildDomain (154ms)
	RebuildCommonClasses (10ms)
	RebuildNativeTypeToScriptingClass (17ms)
	initialDomainReloadingComplete (89ms)
	LoadAllAssembliesAndSetupDomain (549ms)
		LoadAssemblies (415ms)
		TypeCache.Refresh (98ms)
			TypeCache.ScanAssembly (87ms)
		AnalyzeDomain (41ms)
			BuildScriptInfoCaches (33ms)
			ResolveRequiredComponents (6ms)
	FinalizeReload (733ms)
		SetupLoadedEditorAssemblies (0ms)
			InitializePlatformSupportModulesInManaged (10ms)
			BeforeProcessingInitializeOnLoad (92ms)
			ProcessInitializeOnLoadAttributes (133ms)
			ProcessInitializeOnLoadMethodAttributes (75ms)
			AfterProcessingInitializeOnLoad (9ms)
		AwakeInstancesAfterBackupRestoration (29ms)
Starting new worker id: 0 with log in C:/Users/yelyzaveta.khodos.TP-GE26-20/Documents/GitHub/quiet-camp/QuietCamp/Logs/AssetImportWorkerHW0.log
Importing 'GUID: 027d2f457f4a4c61a2c955828a896161 - Path: Assets/QuietCamp/Resources/QuietCampLocales/de.json' with importer (TextScriptImporter)
Imported 'GUID: 027d2f457f4a4c61a2c955828a896161' -> (Import Result ID: 'cdcacde6240d3e5f977b87cb529d46d6') in 0.003 seconds [static dependencies only]. Details - ImportResultOutputID=1887451e36f82bb3c2bb98af11d8bd8c DependenciesID=3c4879a6b51cdf7988a944ecc17021c7 StaticDependenciesID=c9c6e64006a2376258df0af06552645b 
Importing 'GUID: 227fe37323814917a9bdef292570c64f - Path: Assets/QuietCamp/Resources/QuietCampLocales/en.json' with importer (TextScriptImporter)
Imported 'GUID: 227fe37323814917a9bdef292570c64f' -> (Import Result ID: '2726ae4d42eea200011171b4e9765ac7') in 0.003 seconds [static dependencies only]. Details - ImportResultOutputID=1945f115b9b6effba9aef302b51536d9 DependenciesID=faeb4937be8a16dc2aed428b07130d12 StaticDependenciesID=fb52c555d22760680188d5846480b6c6 
Importing 'GUID: dd6b0420088748509cd43e759ca0df4d - Path: Assets/QuietCamp/Resources/QuietCampLocales/uk.json' with importer (TextScriptImporter)
Imported 'GUID: dd6b0420088748509cd43e759ca0df4d' -> (Import Result ID: 'a9638aba8ad09aacaf8597e931159bcc') in 0.002 seconds [static dependencies only]. Details - ImportResultOutputID=52b9db39271cfa8b315dcd58ceb8b867 DependenciesID=2e71bb8966ba96217ba3c545f9ca444d StaticDependenciesID=88bcf0e853b816bfd3b51a3a5f3fe7bd 

Asset Pipeline Refresh (id=6d0e2d6f03c50b44ebaf4846c147edf9): Total: 4.461 seconds - Initiated by InitialRefreshV2(ForceSynchronousImport)
	(Values over 0.05ms)
	Summary:
		Imports: total=4 (actual=4, local cache=0, cache server=0)
		Asset DB Process Time: managed=2 ms, native=1245 ms
		Asset DB Callback time: managed=184 ms, native=90 ms
		Scripting: domain reloads=1, domain reload time=1135 ms, compile time=1748 ms, other=54 ms
		Project Asset Count: scripts=971, non-scripts=2843
		Asset File Changes: new=0, changed=1, moved=0, deleted=0
		Scan Filter Count: 0
	InvokePackagesCallback: 111.963ms
	ApplyChangesToAssetFolders: 2.017ms
	Scan: 130.516ms
	Collect global state as custom dependencies: 26.882ms
	OnSourceAssetsModified: 0.618ms
	CategorizeScriptCompilationAssets: 18.409ms
	ProcessAssetsWithTransientArtifactChanges: 55.165ms
	CategorizeAssets: 52.484ms
	CompileScripts: 1747.922ms
	ImportOutOfDateAssets: 773.746ms (735.816ms without children)
		ImportManagerImport: 29.642ms (3.069ms without children)
			UpdateCategorizedAssets: 0.084ms
		ReloadNativeAssets: 0.063ms
		UnloadImportedAssets: 0.715ms
		EnsureUptoDateAssetsAreRegisteredWithGuidPM: 0.497ms
		ImportSchedulerStart: 7.001ms
	PostProcessAllAssets: 185.504ms
		VCAutoAddAssetPostprocess 0.899ms
		XRBuildSystem.XRAssetImported 0.094ms
		MonoPostProcessAllAssets: 183.866ms
			AssetPostprocessor.OnPostprocessAllAssets 117.382ms
			UniversalRenderPipelineGlobalSettingsPostprocessor.OnPostprocessAllAssets 16.694ms
			StyleCatalogPostProcessor.OnPostprocessAllAssets 16.020ms
			BuilderAssetPostprocessor.OnPostprocessAllAssets 5.185ms
			SyncVS.PostprocessSyncProject 2.510ms
			AssetChangedListener.OnPostprocessAllAssets 2.095ms
			WindowAssetPostprocessingWatcher.OnPostprocessAllAssets 1.878ms
			ShaderGraphAssetPostProcessor.OnPostprocessAllAssets 1.871ms
			SpeedTree9Postprocessor.OnPostprocessAllAssets 1.459ms
			RetainedModeAssetPostprocessor.OnPostprocessAllAssets 1.159ms
			MaterialPostprocessor.OnPostprocessAllAssets 0.835ms
			ArtifactBrowserPostProcessor.OnPostprocessAllAssets 0.718ms
			RenderPipelineGlobalSettingsPostprocessor.OnPostprocessAllAssets 0.716ms
			EditModeScopePostprocessor.OnPostprocessAllAssets 0.642ms
			UtilityWindowPostProcessor.OnPostprocessAllAssets 0.493ms
			ShaderReflectionAssetPostProcessor.OnPostprocessAllAssets 0.452ms
			AudioMixerPostprocessor.OnPostprocessAllAssets 0.399ms
			PostProcessor.OnPostprocessAllAssets 0.358ms
			ReferencedClipsPostProcessor.OnPostprocessAllAssets 0.308ms
			TextAssetPostProcessor.OnPostprocessAllAssets 0.308ms
			InputActionAssetPostprocessor.OnPostprocessAllAssets 0.275ms
			AssetEvents.OnPostprocessAllAssets 0.272ms
			TMPro_TexturePostProcessor.OnPostprocessAllAssets 0.209ms
			InputActionJsonNameModifierAssetProcessor.OnPostprocessAllAssets 0.208ms
			TerrainToolbarOverlayPostProcessor.OnPostprocessAllAssets 0.175ms
			AssetDatabaseCallbacks.OnPostprocessAllAssets 0.161ms
			ProjectSettingsPostprocessor.OnPostprocessAllAssets 0.155ms
			SpeedTreePostProcessor.OnPostprocessAllAssets 0.148ms
			ConfigAssetsTracker.OnPostprocessAllAssets 0.137ms
			ThemePostprocessor.OnPostprocessAllAssets 0.107ms
			ScenarioDriftAssetsTracker.OnPostprocessAllAssets 0.105ms
			AudioContainerPostProcessor.OnPostprocessAllAssets 0.101ms
	PostAssetChangesProfiler: 1.909ms
	UnloadStreamsBegin: 2.238ms
	PersistCurrentRevisions: 0.199ms
	GenerateScriptTypeHashes: 1.382ms
	GenerateScriptTypeSerializationHashes: 2.543ms
	Untracked: 1339.944ms

Application.AssetDatabase Initial Refresh End
Launched and connected shader compiler UnityShaderCompiler.exe after 0.02 seconds
Scanning for USB devices : 0.999ms
Initializing Unity extensions:
[MODES] ModeService[none].Initialize
[MODES] ModeService[none].LoadModes
[MODES] Loading mode Default (0) for mode-current-id-Quiet Camp
Worker ready: AssetImportWorkerHW0 0
GetVirtualKey: Could not map char: z (122) to any virtual key
GetVirtualKey: Could not map char: y (121) to any virtual key
GetVirtualKey: Could not map char: [ (91) to any virtual key
GetVirtualKey: Could not map char: ] (93) to any virtual key
GetVirtualKey: Could not map char: x (120) to any virtual key
GetVirtualKey: Could not map char: c (99) to any virtual key
GetVirtualKey: Could not map char: v (118) to any virtual key
GetVirtualKey: Could not map char: V (86) to any virtual key
GetVirtualKey: Could not map char: d (100) to any virtual key
GetVirtualKey: Could not map char: f (102) to any virtual key
GetVirtualKey: Could not map char: f (102) to any virtual key
GetVirtualKey: Could not map char: a (97) to any virtual key
GetVirtualKey: Could not map char: d (100) to any virtual key
GetVirtualKey: Could not map char: c (99) to any virtual key
GetVirtualKey: Could not map char: r (114) to any virtual key
GetVirtualKey: Could not map char: i (105) to any virtual key
GetVirtualKey: Could not map char: l (108) to any virtual key
GetVirtualKey: Could not map char: f (102) to any virtual key
GetVirtualKey: Could not map char: k (107) to any virtual key
GetVirtualKey: Could not map char: p (112) to any virtual key
GetVirtualKey: Could not map char: p (112) to any virtual key
GetVirtualKey: Could not map char: p (112) to any virtual key
GetVirtualKey: Could not map char: c (99) to any virtual key
GetVirtualKey: Could not map char: r (114) to any virtual key
GetVirtualKey: Could not map char: P (80) to any virtual key
GetVirtualKey: Could not map char: n (110) to any virtual key
GetVirtualKey: Could not map char: n (110) to any virtual key
GetVirtualKey: Could not map char: g (103) to any virtual key
GetVirtualKey: Could not map char: f (102) to any virtual key
GetVirtualKey: Could not map char: f (102) to any virtual key
GetVirtualKey: Could not map char: a (97) to any virtual key
GetVirtualKey: Could not map char: a (97) to any virtual key
GetVirtualKey: Could not map char: n (110) to any virtual key
GetVirtualKey: Could not map char: o (111) to any virtual key
GetVirtualKey: Could not map char: s (115) to any virtual key
GetVirtualKey: Could not map char: s (115) to any virtual key
GetVirtualKey: Could not map char: b (98) to any virtual key
GetVirtualKey: Could not map char: b (98) to any virtual key
GetVirtualKey: Could not map char: c (99) to any virtual key
GetVirtualKey: Could not map char: u (117) to any virtual key
Unloading 27 Unused Serialized files (Serialized files now loaded: 0)
Unloading 3728 unused Assets / (5.8 MB). Loaded Objects now: 4774.
Memory consumption went from 350.8 MB to 345.0 MB.
Total: 9.281800 ms (FindLiveObjects: 0.359200 ms CreateObjectMapping: 0.094400 ms MarkObjects: 5.451600 ms  DeleteObjects: 3.123500 ms)

GetVirtualKey: Could not map char: z (122) to any virtual key
GetVirtualKey: Could not map char: y (121) to any virtual key
GetVirtualKey: Could not map char: [ (91) to any virtual key
GetVirtualKey: Could not map char: ] (93) to any virtual key
GetVirtualKey: Could not map char: x (120) to any virtual key
GetVirtualKey: Could not map char: c (99) to any virtual key
GetVirtualKey: Could not map char: v (118) to any virtual key
GetVirtualKey: Could not map char: V (86) to any virtual key
GetVirtualKey: Could not map char: d (100) to any virtual key
GetVirtualKey: Could not map char: f (102) to any virtual key
GetVirtualKey: Could not map char: f (102) to any virtual key
GetVirtualKey: Could not map char: a (97) to any virtual key
GetVirtualKey: Could not map char: d (100) to any virtual key
GetVirtualKey: Could not map char: c (99) to any virtual key
GetVirtualKey: Could not map char: r (114) to any virtual key
GetVirtualKey: Could not map char: i (105) to any virtual key
GetVirtualKey: Could not map char: l (108) to any virtual key
GetVirtualKey: Could not map char: f (102) to any virtual key
GetVirtualKey: Could not map char: k (107) to any virtual key
GetVirtualKey: Could not map char: p (112) to any virtual key
GetVirtualKey: Could not map char: p (112) to any virtual key
GetVirtualKey: Could not map char: p (112) to any virtual key
GetVirtualKey: Could not map char: c (99) to any virtual key
GetVirtualKey: Could not map char: r (114) to any virtual key
GetVirtualKey: Could not map char: P (80) to any virtual key
GetVirtualKey: Could not map char: n (110) to any virtual key
GetVirtualKey: Could not map char: n (110) to any virtual key
GetVirtualKey: Could not map char: g (103) to any virtual key
GetVirtualKey: Could not map char: f (102) to any virtual key
GetVirtualKey: Could not map char: f (102) to any virtual key
GetVirtualKey: Could not map char: a (97) to any virtual key
GetVirtualKey: Could not map char: a (97) to any virtual key
GetVirtualKey: Could not map char: n (110) to any virtual key
GetVirtualKey: Could not map char: o (111) to any virtual key
GetVirtualKey: Could not map char: s (115) to any virtual key
GetVirtualKey: Could not map char: s (115) to any virtual key
GetVirtualKey: Could not map char: b (98) to any virtual key
GetVirtualKey: Could not map char: b (98) to any virtual key
GetVirtualKey: Could not map char: c (99) to any virtual key
GetVirtualKey: Could not map char: u (117) to any virtual key
Importing 'GUID: 8c6eaba0a8bf8e54f9128f4abd790360 - Path: Assets/QuietCamp/Art' with importer (DefaultImporter)
Imported 'GUID: 8c6eaba0a8bf8e54f9128f4abd790360' -> (Import Result ID: 'c351d742eb93ea35ecb43bc7daf758ba') in 0.005 seconds [static dependencies only]. Details - ImportResultOutputID=da7fb645bfc58a884067be48fa1e60d9 DependenciesID=4afdc9f2a211472d7f27be653e34be2a StaticDependenciesID=bdc01436aaf7bef9af6d7a832d4c3cb4 
Importing 'GUID: d057f6665c57bd440a5dceaa96b42f99 - Path: Assets/QuietCamp/Art/AppIcon.png' with importer (TextureImporter)
Imported 'GUID: d057f6665c57bd440a5dceaa96b42f99' -> (Import Result ID: '2e09c7fbed752c5d4186da03ff61859d') in 0.064 seconds [static and dynamic dependencies]. Details - ImportResultOutputID=4a6cdae634af5c2d3f5760de14ab8a96 DependenciesID=b84a295770e2d1c87f56f6fa722ccf7e StaticDependenciesID=9d9acf48a641e4fd270de67bb2600dd2 
Asset Pipeline Refresh (id=620977db1b4335143aceb0280ca2879e): Total: 0.159 seconds - Initiated by StopAssetImportingV2(NoUpdateAssetOptions)
Attempting to set an incorrect number of icons for iPhone: 9 expected while 1 were specified.
UnityEngine.Debug:ExtractStackTraceNoAlloc (byte*,int,string)
UnityEngine.StackTraceUtility:ExtractStackTrace ()
UnityEditor.PlayerSettings:SetIconsForPlatform (string,UnityEngine.Texture2D[],UnityEditor.IconKind)
UnityEditor.PlayerSettings:SetIcons (UnityEditor.Build.NamedBuildTarget,UnityEngine.Texture2D[],UnityEditor.IconKind)
QuietCamp.Editor.QuietCampIcon:Apply () (at Assets/QuietCamp/Editor/QuietCampIcon.cs:32)

[Assets/QuietCamp/Editor/QuietCampIcon.cs line 32]

Attempting to set an incorrect number of icons for Standalone: 8 expected while 1 were specified.
UnityEngine.Debug:ExtractStackTraceNoAlloc (byte*,int,string)
UnityEngine.StackTraceUtility:ExtractStackTrace ()
UnityEditor.PlayerSettings:SetIconsForPlatform (string,UnityEngine.Texture2D[],UnityEditor.IconKind)
UnityEditor.PlayerSettings:SetIcons (UnityEditor.Build.NamedBuildTarget,UnityEngine.Texture2D[],UnityEditor.IconKind)
QuietCamp.Editor.QuietCampIcon:Apply () (at Assets/QuietCamp/Editor/QuietCampIcon.cs:33)

[Assets/QuietCamp/Editor/QuietCampIcon.cs line 33]

AcceleratorClientConnectionCallback - disconnected - :0
Importing 'GUID: 00000000000000004000000000000000 - Path: ProjectSettings/ProjectSettings.asset' with importer (LibraryAssetImporter)
Imported 'GUID: 00000000000000004000000000000000' -> (Import Result ID: 'c99e0699f159ecd3efc2f72160d59b51') in 0.002 seconds [static dependencies only]. Details - ImportResultOutputID=054c890a8f4b6dddbea933bc5e4b7df4 DependenciesID=e061cfbf100170ea65d72ae634486258 StaticDependenciesID=e235d07d70d78875d52520a38648dec4 
Asset Pipeline Refresh (id=7f702f0058934c7408849c5caef01950): Total: 0.034 seconds - Initiated by StopAssetImportingV2(NoUpdateAssetOptions)
[QuietCamp] App icon written → Assets/QuietCamp/Art/AppIcon.png and assigned in PlayerSettings.
UnityEngine.Debug:ExtractStackTraceNoAlloc (byte*,int,string)
UnityEngine.StackTraceUtility:ExtractStackTrace ()
UnityEngine.DebugLogHandler:Internal_Log (UnityEngine.LogType,UnityEngine.LogOption,string,UnityEngine.Object)
UnityEngine.DebugLogHandler:LogFormat (UnityEngine.LogType,UnityEngine.Object,string,object[])
UnityEngine.Logger:Log (UnityEngine.LogType,object)
UnityEngine.Debug:Log (object)
QuietCamp.Editor.QuietCampIcon:Apply () (at Assets/QuietCamp/Editor/QuietCampIcon.cs:36)

(Filename: Assets/QuietCamp/Editor/QuietCampIcon.cs Line: 36)

Batchmode quit successfully invoked - shutting down!
Killing ADB server in 0,0471906 seconds.
[Physics::Module] Cleanup current backend.
[Physics::Module] Id: 0xf2b8ea05
Input System module state changed to: ShutdownInProgress.
Input Polling Thread exited.
Input System module state changed to: Shutdown.
[Licensing::IpcConnector] LicenseClient-yelyzaveta.khodos-notifications channel disconnected successfully.
[Licensing::IpcConnector] LicenseClient-yelyzaveta.khodos channel disconnected successfully.
Shut down.
Lingering sessions upon destruction of worker manager
Unity Data Store service was successfully shut down
UDS shutting down local client system
Shut down UDS service system complete
AcceleratorClientConnectionCallback - disconnected - :0
Cleanup mono
CodeReloadManager destroyed
abort_threads: Failed aborting id: 0000000000009C38, mono_thread_manage will ignore it

abort_threads: Failed aborting id: 0000000000007B20, mono_thread_manage will ignore it

abort_threads: Failed aborting id: 0000000000009C38, mono_thread_manage will ignore it

abort_threads: Failed aborting id: 0000000000007B20, mono_thread_manage will ignore it

debugger-agent: Unable to listen on 3736
Exiting batchmode successfully now!
[ExitDontLaunchBugReporter] Exiting without the bug reporter. Application will exit with return code 0
