VBCSCompilerPreWarmer: pre-warm launched (dotnet PID 31276)
VBCSCompiler prewarm took 7.01 ms
[Licensing::Module] Trying to connect to existing licensing client channel...
Built from '6000.6/staging' branch; Version is '6000.6.2f1 (770e33f6875c) revision 7802419'; Using compiler version '194234433'; Build Type 'Release'
OS: 'Windows 11  (10.0.26200) Education' Language: 'de' Physical Memory: 15525 MB
BatchMode: 1, IsHumanControllingUs: 0, StartBugReporterOnCrash: 0, Is64bit: 1
[Licensing::IpcConnector] Channel LicenseClient-yelyzaveta.khodos doesn't exist
System  architecture: x64
Process architecture: x64
Date: 2026-09-30T08:30:20Z
[Licensing::Module] Successfully launched the LicensingClient (PId: 43868)

COMMAND LINE ARGUMENTS:
C:\Users\yelyzaveta.khodos.TP-GE26-20\AppData\Local\Unity\Editors\6000.6.2f1\Editor\Unity.exe
-batchmode
-projectPath
C:/Users/yelyzaveta.khodos.TP-GE26-20/Documents/GitHub/quiet-camp/QuietCamp
-executeMethod
QuietCamp.Editor.KenneyUiImporter.Run
-quit
-logFile
C:/Users/yelyzaveta.khodos.TP-GE26-20/Documents/GitHub/quiet-camp/BuildLogs/kenney_import2.log
Successfully changed project path to: C:/Users/yelyzaveta.khodos.TP-GE26-20/Documents/GitHub/quiet-camp/QuietCamp
C:/Users/yelyzaveta.khodos.TP-GE26-20/Documents/GitHub/quiet-camp/QuietCamp
[UnityMemory] Configuration Parameters - Can be set up in boot.config
    "memorysetup-temp-allocator-size-gi-baking-worker=262144"
    "memorysetup-temp-allocator-size-gi-baking-worker=262144"
    "memorysetup-temp-allocator-size-gi-baking-worker=262144"
    "memorysetup-temp-allocator-size-gi-baking-worker=262144"
    "memorysetup-temp-allocator-size-gi-baking-worker=262144"
    "memorysetup-temp-allocator-size-nav-mesh-worker=65536"
    "memorysetup-temp-allocator-size-audio-worker=65536"
    "memorysetup-temp-allocator-size-cloud-worker=32768"
    "memorysetup-temp-allocator-size-gfx=262144"
    "memorysetup-remapper-allocator-initial-capacity=32768"
    "memorysetup-temp-allocator-size-preload-manager=33554432"
    "memorysetup-allocator-temp-initial-block-size-main=262144"
    "memorysetup-allocator-temp-initial-block-size-worker=262144"
    "memorysetup-temp-allocator-size-job-worker=262144"
    "memorysetup-temp-allocator-size-background-worker=32768"
    "memorysetup-bucket-allocator-granularity=16"
    "memorysetup-bucket-allocator-bucket-count=8"
    "memorysetup-bucket-allocator-block-size=33554432"
    "memorysetup-bucket-allocator-block-count=8"
    "memorysetup-main-allocator-block-size=16777216"
    "memorysetup-thread-allocator-block-size=16777216"
    "memorysetup-main-allocator-mimalloc-enabled=1"
    "memorysetup-gfx-main-allocator-block-size=16777216"
    "memorysetup-gfx-thread-allocator-block-size=16777216"
    "memorysetup-cache-allocator-block-size=4194304"
    "memorysetup-typetree-allocator-block-size=2097152"
    "memorysetup-profiler-bucket-allocator-granularity=16"
    "memorysetup-profiler-bucket-allocator-bucket-count=8"
    "memorysetup-profiler-bucket-allocator-block-size=33554432"
    "memorysetup-profiler-bucket-allocator-block-count=8"
    "memorysetup-profiler-allocator-block-size=16777216"
    "memorysetup-profiler-editor-allocator-block-size=1048576"
    "memorysetup-temp-allocator-size-main=16777216"
    "memorysetup-job-temp-allocator-block-size=2097152"
    "memorysetup-job-temp-allocator-block-size-background=1048576"
    "memorysetup-job-temp-allocator-reduction-small-platforms=262144"
Logging is directed to a specific file, skipping project log.
Player connection [41896]  Target information:

Player connection [41896]  * "[IP] 192.168.0.98 [Port] 55504 [Flags] 2 [Guid] 2553252288 [EditorId] 2553252288 [Version] 1048832 [Id] WindowsEditor(7,TP-GE26-20) [Debug] 1 [PackageName] WindowsEditor [ProjectName] Editor" 

Player connection [41896] Host joined multi-casting on [225.0.0.222:54997]...
Player connection [41896] Host joined alternative multi-casting on [225.0.0.222:34997]...
Input System module state changed to: Initialized.
[Physics::Module] Initialized fallback backend.
[Physics::Module] Id: 0xdecafbad
Starting IPC server.
Waiting for clients to connect on \\.\pipe\Unity-LicenseClient-yelyzaveta.khodos, press Ctrl-C to exit.
[Licensing::IpcConnector] Successfully connected to: "LicenseClient-yelyzaveta.khodos" at "2026-09-30T08:30:20.7673501Z"
[Licensing::Client] Code 10 while verifying Licensing Client signature (process Id: 43868, path: "C:/Users/yelyzaveta.khodos.TP-GE26-20/AppData/Local/Unity/Editors/6000.6.2f1/Editor/Data/Resources/Licensing/Client/Unity.Licensing.Client.exe")
[Licensing::Module] LicensingClient has failed validation; ignoring
[Package Manager] Connected to IPC stream "Upm-37904" after 0.2 seconds.
[Licensing::Module] Licensing is not yet initialized.
[Licensing::Client] Handshaking with LicensingClient:
  Version:                 1.18.3+d7ffd15
  Session Id:              f8cc5e4489fd4c63b6f7955d01b79aac
  Correlation Id:          1f262ccb9be3323fcbc8c37a94349cc1
  External correlation Id: 2902251138329331637
  Machine Id:              uBoc3C+bXpE5decDhEYNnWFYsDs=
[Licensing::Module] Successfully connected to LicensingClient on channel: "LicenseClient-yelyzaveta.khodos" (connect: 0.37s, validation: 0.11s, handshake: 0.04s)
[Licensing::IpcConnector] Successfully connected to: "LicenseClient-yelyzaveta.khodos-notifications" at "2026-09-30T08:30:20.9140351Z"
[Licensing::Module] Connected to LicensingClient (PId: 43868, launch time: 0.00, total connection time: 0.52s)
[Licensing::Module] Error: Access token is unavailable; failed to update
[Licensing::Client] Successfully resolved entitlement details
[Licensing::Module] License group:
  Id: 9072311421786-UnityPersXXXX
  Product: Unity Personal
  Type: Assigned
  Expiration: Unlimited
[Licensing::Client] Successfully updated license, isAsync: True, time: 0.01
[Licensing::Client] Successfully resolved entitlement details
[Licensing::Module] Licensing Background thread has ended after 0.59s
[Licensing::Module] Licensing is initialized (took 0.15s).
[Licensing::Client] Successfully resolved entitlement details
Library Redirect Path: Library/
Initialising UDS system complete:
  - System type: Client
  - Resource namespace: f13d4c83382f8b2176f6d0a52cb86332
  - Shared memory size: 1073741824
  - Command buffer id: 1052576
  - Command buffer size: 8192
  - Hashmap size: 4194304
  - Service connected: false
Launching Unity Data Store - C:/Users/yelyzaveta.khodos.TP-GE26-20/AppData/Local/Unity/Editors/6000.6.2f1/Editor/Data/Tools/Unity.DataStore.exe 
Unity Data Store artifact dir = Library/DataStore, working dir = C:/Users/yelyzaveta.khodos.TP-GE26-20/Documents/GitHub/quiet-camp/QuietCamp[Physics::Module] Selected backend.
[Physics::Module] Name: PhysX
[Physics::Module] Id: 0xf2b8ea05
[Physics::Module] SDK Version: 4.1.2
[Physics::Module] Integration Version: 1.0.0
[Physics::Module] Threading Mode: Multi-Threaded
Active build profile path: `Assets/Settings/Build Profiles/Android Release.asset`
Unity Data Store running and initialised
Got setting from build profile YAML, name `m_BuildSubtarget`, value `0`
[Licensing::Client] Successfully resolved entitlement details
Got setting from build profile YAML, name `m_BuildTarget`, value `13`
Got setting from build profile YAML, name `m_Subtarget`, value `0`
Initialize engine version: 6000.6.2f1 (770e33f6875c)
[EntityIdStore] init: VM path (explicit commit), pageSize=4096, blockCount=1048576, entitiesPerBlock=256, slots reserved=4294967296 bytes
[Subsystems] Discovering subsystems at path C:/Users/yelyzaveta.khodos.TP-GE26-20/AppData/Local/Unity/Editors/6000.6.2f1/Editor/Data/Resources/UnitySubsystems
[Subsystems] Discovering subsystems at path C:/Users/yelyzaveta.khodos.TP-GE26-20/Documents/GitHub/quiet-camp/QuietCamp/Assets
GfxDevice: creating device client; kGfxThreadingModeNonThreaded
d3d12: failed to query info queue interface (0x80004002).
Direct3D:
    Version:         Direct3D 12 [level 12.2]
    Renderer:        AMD Radeon(TM)  840M Graphics (ID=0x1114)
    Vendor:          ATI
    VRAM:            7762 MB
    App VRAM Budget: 7555 MB
    Driver:          32.0.22042.31003
    Unified Memory Architecture
Got setting from build profile YAML, name `m_BuildSubtarget`, value `0`
Got setting from build profile YAML, name `m_BuildSubtarget`, value `0`
Got setting from build profile YAML, name `m_BuildSubtarget`, value `0`
Initialize mono
Mono path[0] = 'C:/Users/yelyzaveta.khodos.TP-GE26-20/AppData/Local/Unity/Editors/6000.6.2f1/Editor/Data/Managed'
Mono path[1] = 'C:/Users/yelyzaveta.khodos.TP-GE26-20/AppData/Local/Unity/Editors/6000.6.2f1/Editor/Data/BCLExtensions/runtime/netstandard2.1'
Mono path[2] = 'C:/Users/yelyzaveta.khodos.TP-GE26-20/AppData/Local/Unity/Editors/6000.6.2f1/Editor/Data/MonoBleedingEdge/lib/mono/unityjit-win32'
Mono config path = 'C:/Users/yelyzaveta.khodos.TP-GE26-20/AppData/Local/Unity/Editors/6000.6.2f1/Editor/Data/MonoBleedingEdge/etc'
Using monoOptions --debugger-agent=transport=dt_socket,embedding=1,server=y,suspend=n,address=127.0.0.1:56904
CodeReloadManager initialized
ImportWorker Server TCP listen port: 0
AcceleratorClientConnectionCallback - disconnected - :0
Got setting from build profile YAML, name `m_BuildSubtarget`, value `0`
Got setting from build profile YAML, name `m_BuildSubtarget`, value `0`
Begin MonoManager ReloadAssembly
Registering precompiled unity dll's ...
Register platform support module: C:/Users/yelyzaveta.khodos.TP-GE26-20/AppData/Local/Unity/Editors/6000.6.2f1/Editor/Data/PlaybackEngines/WindowsStandaloneSupport/UnityEditor.WindowsStandalone.Extensions.dll
Register platform support module: C:/Users/yelyzaveta.khodos.TP-GE26-20/AppData/Local/Unity/Editors/6000.6.2f1/Editor/Data/PlaybackEngines/AndroidPlayer/UnityEditor.Android.Extensions.dll
Registered in 0.003364 seconds.
Got setting from build profile YAML, name `m_BuildSubtarget`, value `0`
Got setting from build profile YAML, name `m_BuildSubtarget`, value `0`
Got setting from build profile YAML, name `m_BuildSubtarget`, value `0`
Got setting from build profile YAML, name `m_BuildSubtarget`, value `0`
Got setting from build profile YAML, name `m_BuildSubtarget`, value `0`
Got setting from build profile YAML, name `m_BuildSubtarget`, value `0`
Native extension for Android target not found
Native extension for WindowsStandalone target not found
Package Manager log level set to [2]
ScheduleIndexationOnStartup MainProcess:False IndexOnStartup:True
Scripting: successfully reloaded assembly
- Finished resetting the current domain, in  0.576 seconds
Domain Reload Profiling: 1065ms
	BeginReloadAssembly (122ms)
		CreateAndSetChildDomain (7ms)
	RebuildCommonClasses (4ms)
	RebuildNativeTypeToScriptingClass (15ms)
	initialDomainReloadingComplete (83ms)
	LoadAllAssembliesAndSetupDomain (265ms)
		LoadAssemblies (111ms)
		TypeCache.Refresh (182ms)
			TypeCache.ScanAssembly (170ms)
		AnalyzeDomain (1ms)
	FinalizeReload (577ms)
		SetupLoadedEditorAssemblies (0ms)
			InitializePlatformSupportModulesInManaged (9ms)
			BeforeProcessingInitializeOnLoad (81ms)
			ProcessInitializeOnLoadAttributes (75ms)
			ProcessInitializeOnLoadMethodAttributes (220ms)
[Licensing::Client] Successfully resolved entitlement details
[Licensing::Client] Successfully resolved entitlement details
Application.AssetDatabase Initial Refresh Start
[Package Manager] Restoring resolved packages state from cache
[Licensing::Client] Successfully resolved entitlement details
[Package Manager] Registered 41 packages:
  Packages from [https://packages.unity.com]:
    com.unity.inputsystem@1.20.0 (location: C:\Users\yelyzaveta.khodos.TP-GE26-20\Documents\GitHub\quiet-camp\QuietCamp\Library\PackageCache\com.unity.inputsystem@7a4e1a2a8194)
    com.unity.nuget.newtonsoft-json@3.2.2 (location: C:\Users\yelyzaveta.khodos.TP-GE26-20\Documents\GitHub\quiet-camp\QuietCamp\Library\PackageCache\com.unity.nuget.newtonsoft-json@4dfd81071c64)
    com.unity.searcher@4.9.5 (location: C:\Users\yelyzaveta.khodos.TP-GE26-20\Documents\GitHub\quiet-camp\QuietCamp\Library\PackageCache\com.unity.searcher@a463122f2c00)
    com.unity.profiling.core@1.0.3 (location: C:\Users\yelyzaveta.khodos.TP-GE26-20\Documents\GitHub\quiet-camp\QuietCamp\Library\PackageCache\com.unity.profiling.core@8a49f7027d06)
    com.unity.nuget.mono-cecil@1.11.6 (location: C:\Users\yelyzaveta.khodos.TP-GE26-20\Documents\GitHub\quiet-camp\QuietCamp\Library\PackageCache\com.unity.nuget.mono-cecil@ecb9724e46ff)
  Built-in packages:
    com.unity.render-pipelines.universal@17.6.0 (location: C:\Users\yelyzaveta.khodos.TP-GE26-20\Documents\GitHub\quiet-camp\QuietCamp\Library\PackageCache\com.unity.render-pipelines.universal@1e1cf3dcbd40)
    com.unity.test-framework@1.8.0 (location: C:\Users\yelyzaveta.khodos.TP-GE26-20\Documents\GitHub\quiet-camp\QuietCamp\Library\PackageCache\com.unity.test-framework@7a3849e09bd0)
    com.unity.ugui@2.6.0 (location: C:\Users\yelyzaveta.khodos.TP-GE26-20\Documents\GitHub\quiet-camp\QuietCamp\Library\PackageCache\com.unity.ugui@0f30cee369f3)
    com.unity.modules.audio@1.0.0 (location: C:\Users\yelyzaveta.khodos.TP-GE26-20\Documents\GitHub\quiet-camp\QuietCamp\Library\PackageCache\com.unity.modules.audio)
    com.unity.modules.animation@1.0.0 (location: C:\Users\yelyzaveta.khodos.TP-GE26-20\Documents\GitHub\quiet-camp\QuietCamp\Library\PackageCache\com.unity.modules.animation)
    com.unity.modules.imgui@1.0.0 (location: C:\Users\yelyzaveta.khodos.TP-GE26-20\Documents\GitHub\quiet-camp\QuietCamp\Library\PackageCache\com.unity.modules.imgui)
    com.unity.modules.imageconversion@1.0.0 (location: C:\Users\yelyzaveta.khodos.TP-GE26-20\Documents\GitHub\quiet-camp\QuietCamp\Library\PackageCache\com.unity.modules.imageconversion)
    com.unity.modules.jsonserialize@1.0.0 (location: C:\Users\yelyzaveta.khodos.TP-GE26-20\Documents\GitHub\quiet-camp\QuietCamp\Library\PackageCache\com.unity.modules.jsonserialize)
    com.unity.modules.particlesystem@1.0.0 (location: C:\Users\yelyzaveta.khodos.TP-GE26-20\Documents\GitHub\quiet-camp\QuietCamp\Library\PackageCache\com.unity.modules.particlesystem)
    com.unity.modules.physics@1.0.0 (location: C:\Users\yelyzaveta.khodos.TP-GE26-20\Documents\GitHub\quiet-camp\QuietCamp\Library\PackageCache\com.unity.modules.physics)
    com.unity.modules.physics2d@1.0.0 (location: C:\Users\yelyzaveta.khodos.TP-GE26-20\Documents\GitHub\quiet-camp\QuietCamp\Library\PackageCache\com.unity.modules.physics2d)
    com.unity.modules.ui@1.0.0 (location: C:\Users\yelyzaveta.khodos.TP-GE26-20\Documents\GitHub\quiet-camp\QuietCamp\Library\PackageCache\com.unity.modules.ui)
    com.unity.modules.uielements@1.0.0 (location: C:\Users\yelyzaveta.khodos.TP-GE26-20\Documents\GitHub\quiet-camp\QuietCamp\Library\PackageCache\com.unity.modules.uielements)
    com.unity.modules.unitywebrequest@1.0.0 (location: C:\Users\yelyzaveta.khodos.TP-GE26-20\Documents\GitHub\quiet-camp\QuietCamp\Library\PackageCache\com.unity.modules.unitywebrequest)
    com.unity.modules.unitywebrequestaudio@1.0.0 (location: C:\Users\yelyzaveta.khodos.TP-GE26-20\Documents\GitHub\quiet-camp\QuietCamp\Library\PackageCache\com.unity.modules.unitywebrequestaudio)
    com.unity.modules.screencapture@1.0.0 (location: C:\Users\yelyzaveta.khodos.TP-GE26-20\Documents\GitHub\quiet-camp\QuietCamp\Library\PackageCache\com.unity.modules.screencapture)
    com.unity.modules.androidjni@1.0.0 (location: C:\Users\yelyzaveta.khodos.TP-GE26-20\Documents\GitHub\quiet-camp\QuietCamp\Library\PackageCache\com.unity.modules.androidjni)
    com.unity.modules.hierarchycore@1.0.0 (location: C:\Users\yelyzaveta.khodos.TP-GE26-20\Documents\GitHub\quiet-camp\QuietCamp\Library\PackageCache\com.unity.modules.hierarchycore)
    com.unity.modules.physicscore2d@1.0.0 (location: C:\Users\yelyzaveta.khodos.TP-GE26-20\Documents\GitHub\quiet-camp\QuietCamp\Library\PackageCache\com.unity.modules.physicscore2d)
    com.unity.ext.nunit@2.1.0 (location: C:\Users\yelyzaveta.khodos.TP-GE26-20\Documents\GitHub\quiet-camp\QuietCamp\Library\PackageCache\com.unity.ext.nunit@0198eae3b53e)
    com.unity.render-pipelines.core@17.6.0 (location: C:\Users\yelyzaveta.khodos.TP-GE26-20\Documents\GitHub\quiet-camp\QuietCamp\Library\PackageCache\com.unity.render-pipelines.core@a14850be21a6)
    com.unity.shadergraph@17.6.0 (location: C:\Users\yelyzaveta.khodos.TP-GE26-20\Documents\GitHub\quiet-camp\QuietCamp\Library\PackageCache\com.unity.shadergraph@96a7923f6bed)
    com.unity.render-pipelines.universal-config@17.6.0 (location: C:\Users\yelyzaveta.khodos.TP-GE26-20\Documents\GitHub\quiet-camp\QuietCamp\Library\PackageCache\com.unity.render-pipelines.universal-config@561422b74439)
    com.unity.graph-authoring@1.0.0 (location: C:\Users\yelyzaveta.khodos.TP-GE26-20\Documents\GitHub\quiet-camp\QuietCamp\Library\PackageCache\com.unity.graph-authoring@cfd2588851ee)
    com.unity.burst@2.0.0 (location: C:\Users\yelyzaveta.khodos.TP-GE26-20\Documents\GitHub\quiet-camp\QuietCamp\Library\PackageCache\com.unity.burst@626e66ab421b)
    com.unity.collections@6.6.0 (location: C:\Users\yelyzaveta.khodos.TP-GE26-20\Documents\GitHub\quiet-camp\QuietCamp\Library\PackageCache\com.unity.collections@10fff0607388)
    com.unity.test-framework.performance@6.6.0 (location: C:\Users\yelyzaveta.khodos.TP-GE26-20\Documents\GitHub\quiet-camp\QuietCamp\Library\PackageCache\com.unity.test-framework.performance@0a60b857a52e)
  Embedded packages:
    com.kruty1918.audio@file:C:\Users\yelyzaveta.khodos.TP-GE26-20\Documents\GitHub\quiet-camp\QuietCamp\Packages\com.kruty1918.audio (location: C:\Users\yelyzaveta.khodos.TP-GE26-20\Documents\GitHub\quiet-camp\QuietCamp\Packages\com.kruty1918.audio)
    com.kruty1918.input-context@file:C:\Users\yelyzaveta.khodos.TP-GE26-20\Documents\GitHub\quiet-camp\QuietCamp\Packages\com.kruty1918.input-context (location: C:\Users\yelyzaveta.khodos.TP-GE26-20\Documents\GitHub\quiet-camp\QuietCamp\Packages\com.kruty1918.input-context)
    com.kruty1918.ui-actions@file:C:\Users\yelyzaveta.khodos.TP-GE26-20\Documents\GitHub\quiet-camp\QuietCamp\Packages\com.kruty1918.ui-actions (location: C:\Users\yelyzaveta.khodos.TP-GE26-20\Documents\GitHub\quiet-camp\QuietCamp\Packages\com.kruty1918.ui-actions)
    com.kruty1918.localization@file:C:\Users\yelyzaveta.khodos.TP-GE26-20\Documents\GitHub\quiet-camp\QuietCamp\Packages\com.kruty1918.localization (location: C:\Users\yelyzaveta.khodos.TP-GE26-20\Documents\GitHub\quiet-camp\QuietCamp\Packages\com.kruty1918.localization)
    com.kruty1918.save-system@file:C:\Users\yelyzaveta.khodos.TP-GE26-20\Documents\GitHub\quiet-camp\QuietCamp\Packages\com.kruty1918.save-system (location: C:\Users\yelyzaveta.khodos.TP-GE26-20\Documents\GitHub\quiet-camp\QuietCamp\Packages\com.kruty1918.save-system)
    com.kruty1918.ui-foundation@file:C:\Users\yelyzaveta.khodos.TP-GE26-20\Documents\GitHub\quiet-camp\QuietCamp\Packages\com.kruty1918.ui-foundation (location: C:\Users\yelyzaveta.khodos.TP-GE26-20\Documents\GitHub\quiet-camp\QuietCamp\Packages\com.kruty1918.ui-foundation)
    com.kruty1918.notifications@file:C:\Users\yelyzaveta.khodos.TP-GE26-20\Documents\GitHub\quiet-camp\QuietCamp\Packages\com.kruty1918.notifications (location: C:\Users\yelyzaveta.khodos.TP-GE26-20\Documents\GitHub\quiet-camp\QuietCamp\Packages\com.kruty1918.notifications)
    com.kruty1918.runtime-diagnostics@file:C:\Users\yelyzaveta.khodos.TP-GE26-20\Documents\GitHub\quiet-camp\QuietCamp\Packages\com.kruty1918.runtime-diagnostics (location: C:\Users\yelyzaveta.khodos.TP-GE26-20\Documents\GitHub\quiet-camp\QuietCamp\Packages\com.kruty1918.runtime-diagnostics)
    com.kruty1918.adaptive-performance@file:C:\Users\yelyzaveta.khodos.TP-GE26-20\Documents\GitHub\quiet-camp\QuietCamp\Packages\com.kruty1918.adaptive-performance (location: C:\Users\yelyzaveta.khodos.TP-GE26-20\Documents\GitHub\quiet-camp\QuietCamp\Packages\com.kruty1918.adaptive-performance)
[Subsystems] No new subsystems found in resolved package list.
[Package Manager] Done registering packages in 0.08 seconds
Asset Packages/com.unity.collections/Unity.Collections.PerformanceTests/Unity.PerformanceTesting.Benchmark/PerformanceTestFrameworkOutput.png has no meta file, but it's in an immutable folder. The asset will be ignored.
Asset Packages/com.unity.collections/Unity.Collections.Tests/Jobs/CoreCLRTestAssemblies/InternalJobNestedPrivate/InternalJobNestedPrivate.asmdef has no meta file, but it's in an immutable folder. The asset will be ignored.
Asset Packages/com.unity.collections/Unity.Collections.Tests/Jobs/CoreCLRTestAssemblies/InternalJobNestedPrivate/InternalJobNestedPrivate.cs has no meta file, but it's in an immutable folder. The asset will be ignored.
Asset Packages/com.unity.collections/Unity.Collections.Tests/Jobs/CoreCLRTestAssemblies/PublicJobPrivateGeneric/PublicJobPrivateGeneric.asmdef has no meta file, but it's in an immutable folder. The asset will be ignored.
Asset Packages/com.unity.render-pipelines.core/Editor-PrivateShared/Tools/Converter/Window/RenderPipelineConverterVisualElementListFilter.uss has no meta file, but it's in an immutable folder. The asset will be ignored.
Asset Packages/com.unity.render-pipelines.core/Editor-PrivateShared/Tools/Converter/Window/RenderPipelineConverterVisualElementListFilter.uxml has no meta file, but it's in an immutable folder. The asset will be ignored.
Asset Packages/com.unity.render-pipelines.core/Tests/Editor/RenderPipeline/SettingsStrippingResults/KeepAStripper_RemoveAStripper_A_B_C.json has no meta file, but it's in an immutable folder. The asset will be ignored.
Asset Packages/com.unity.render-pipelines.universal/Runtime/RendererFeatures/ScreenSpaceReflectionRendererFeature/ScreenSpaceReflectionPass.cs has no meta file, but it's in an immutable folder. The asset will be ignored.
Asset Packages/com.unity.render-pipelines.universal/Tests/Editor/Tools/Converters/AnimationClipConverter/AnimationClipUpgradePathsCacheTests.cs has no meta file, but it's in an immutable folder. The asset will be ignored.
Asset Packages/com.unity.render-pipelines.universal/Tests/Editor/Tools/Converters/MaterialUpgrader/AutodeskInteractiveFadeMaterialUpgradeTest.cs has no meta file, but it's in an immutable folder. The asset will be ignored.
Asset Packages/com.unity.render-pipelines.universal/Tests/Editor/Tools/Converters/MaterialUpgrader/SpeedTreeBillboardMaterialUpgraderTest.cs has no meta file, but it's in an immutable folder. The asset will be ignored.
Asset Packages/com.unity.render-pipelines.universal/Tests/Editor/Tools/Converters/ReadonlyMaterialConverter/ReadonlyMaterialConverterTests.cs has no meta file, but it's in an immutable folder. The asset will be ignored.
Starting: C:\Users\yelyzaveta.khodos.TP-GE26-20\AppData\Local\Unity\Editors\6000.6.2f1\Editor\Data\Tools\BuildPipeline\bee_backend.exe --ipc --defer-dag-verification --dagfile="Library/Bee/1300b0aE.dag" --continue-on-failure --profile="Library/Bee/backend1.traceevents" ScriptAssemblies
WorkingDir: C:/Users/yelyzaveta.khodos.TP-GE26-20/Documents/GitHub/quiet-camp/QuietCamp
DisplayProgressbar: Compiling Scripts
ExitCode: 0 Duration: 0s323ms
[681/880    0s] ILPP-Configuration Library/ilpp-configuration.nevergeneratedoutput
*** Tundra build success (0.29 seconds), 1 items updated, 880 evaluated
AssetDatabase: script compilation time: 0.806410s
Begin MonoManager ReloadAssembly
Symbol file LoadedFromMemory is not a mono symbol file
'Packages/com.unity.render-pipelines.core/Editor/Deprecated.cs' contains partial class of Unity.Object, exactly 1 of the partial classes needs to be in a file with the same filename. This is to know the one that can be referenced from ie. GameObjects
'Packages/com.unity.render-pipelines.core/Editor/Deprecated.cs' contains partial class of Unity.Object, exactly 1 of the partial classes needs to be in a file with the same filename. This is to know the one that can be referenced from ie. GameObjects
Native extension for Android target not found
Native extension for WindowsStandalone target not found
ScheduleIndexationOnStartup MainProcess:True IndexOnStartup:True
Scripting: successfully reloaded assembly
- Finished resetting the current domain, in  0.658 seconds
Domain Reload Profiling: 1632ms
	BeginReloadAssembly (351ms)
		DisableScriptedObjects (31ms)
		CreateAndSetChildDomain (153ms)
	RebuildCommonClasses (9ms)
	RebuildNativeTypeToScriptingClass (14ms)
	initialDomainReloadingComplete (101ms)
	LoadAllAssembliesAndSetupDomain (498ms)
		LoadAssemblies (358ms)
		TypeCache.Refresh (92ms)
			TypeCache.ScanAssembly (81ms)
		AnalyzeDomain (43ms)
			BuildScriptInfoCaches (35ms)
			ResolveRequiredComponents (6ms)
	FinalizeReload (659ms)
		SetupLoadedEditorAssemblies (0ms)
			InitializePlatformSupportModulesInManaged (7ms)
			BeforeProcessingInitializeOnLoad (83ms)
			ProcessInitializeOnLoadAttributes (132ms)
			ProcessInitializeOnLoadMethodAttributes (72ms)
			AfterProcessingInitializeOnLoad (8ms)
			EditorAssembliesLoaded (4ms)
		AwakeInstancesAfterBackupRestoration (24ms)
Starting new worker id: 0 with log in C:/Users/yelyzaveta.khodos.TP-GE26-20/Documents/GitHub/quiet-camp/QuietCamp/Logs/AssetImportWorkerHW0.log

Asset Pipeline Refresh (id=fb5d70b639c1d3e43a7fb6e236841335): Total: 3.241 seconds - Initiated by InitialRefreshV2(ForceSynchronousImport)
	(Values over 0.05ms)
	Summary:
		Imports: total=0 (actual=0, local cache=0, cache server=0)
		Asset DB Process Time: managed=0 ms, native=1157 ms
		Asset DB Callback time: managed=35 ms, native=91 ms
		Scripting: domain reloads=1, domain reload time=1088 ms, compile time=809 ms, other=59 ms
		Project Asset Count: scripts=971, non-scripts=2837
		Asset File Changes: new=0, changed=0, moved=0, deleted=0
		Scan Filter Count: 0
	InvokePackagesCallback: 115.181ms
	ApplyChangesToAssetFolders: 2.119ms
	Scan: 156.053ms
	Collect global state as custom dependencies: 27.083ms
	CategorizeScriptCompilationAssets: 18.818ms
	ProcessAssetsWithTransientArtifactChanges: 46.111ms
	CategorizeAssets: 50.810ms
	CompileScripts: 808.746ms
	ImportOutOfDateAssets: 672.065ms (662.428ms without children)
		ReloadNativeAssets: 0.110ms
		UnloadImportedAssets: 1.009ms
		EnsureUptoDateAssetsAreRegisteredWithGuidPM: 0.801ms
		ImportSchedulerStart: 7.709ms
	PostProcessAllAssets: 36.072ms
		MonoPostProcessAllAssets: 35.965ms
			UniversalRenderPipelineGlobalSettingsPostprocessor.OnPostprocessAllAssets 15.939ms
			SyncVS.PostprocessSyncProject 2.209ms
			WindowAssetPostprocessingWatcher.OnPostprocessAllAssets 1.897ms
			SpeedTree9Postprocessor.OnPostprocessAllAssets 1.789ms
			EditModeScopePostprocessor.OnPostprocessAllAssets 0.884ms
			RenderPipelineGlobalSettingsPostprocessor.OnPostprocessAllAssets 0.873ms
			ShaderReflectionAssetPostProcessor.OnPostprocessAllAssets 0.537ms
			ReferencedClipsPostProcessor.OnPostprocessAllAssets 0.254ms
			InputActionAssetPostprocessor.OnPostprocessAllAssets 0.226ms
			TerrainToolbarOverlayPostProcessor.OnPostprocessAllAssets 0.200ms
			AssetDatabaseCallbacks.OnPostprocessAllAssets 0.163ms
			ProjectSettingsPostprocessor.OnPostprocessAllAssets 0.137ms
	UnloadStreamsBegin: 2.487ms
	PersistCurrentRevisions: 0.139ms
	GenerateScriptTypeHashes: 1.406ms
	GenerateScriptTypeSerializationHashes: 2.594ms
	Untracked: 1295.173ms

Application.AssetDatabase Initial Refresh End
Launched and connected shader compiler UnityShaderCompiler.exe after 0.01 seconds
Scanning for USB devices : 1.070ms
Initializing Unity extensions:
[MODES] ModeService[none].Initialize
[MODES] ModeService[none].LoadModes
[MODES] Loading mode Default (0) for mode-current-id-Quiet Camp
Worker ready: AssetImportWorkerHW0 0
GetVirtualKey: Could not map char: z (122) to any virtual key
GetVirtualKey: Could not map char: y (121) to any virtual key
GetVirtualKey: Could not map char: [ (91) to any virtual key
GetVirtualKey: Could not map char: ] (93) to any virtual key
GetVirtualKey: Could not map char: x (120) to any virtual key
GetVirtualKey: Could not map char: c (99) to any virtual key
GetVirtualKey: Could not map char: v (118) to any virtual key
GetVirtualKey: Could not map char: V (86) to any virtual key
GetVirtualKey: Could not map char: d (100) to any virtual key
GetVirtualKey: Could not map char: f (102) to any virtual key
GetVirtualKey: Could not map char: f (102) to any virtual key
GetVirtualKey: Could not map char: a (97) to any virtual key
GetVirtualKey: Could not map char: d (100) to any virtual key
GetVirtualKey: Could not map char: c (99) to any virtual key
GetVirtualKey: Could not map char: r (114) to any virtual key
GetVirtualKey: Could not map char: i (105) to any virtual key
GetVirtualKey: Could not map char: l (108) to any virtual key
GetVirtualKey: Could not map char: f (102) to any virtual key
GetVirtualKey: Could not map char: k (107) to any virtual key
GetVirtualKey: Could not map char: p (112) to any virtual key
GetVirtualKey: Could not map char: p (112) to any virtual key
GetVirtualKey: Could not map char: p (112) to any virtual key
GetVirtualKey: Could not map char: c (99) to any virtual key
GetVirtualKey: Could not map char: r (114) to any virtual key
GetVirtualKey: Could not map char: P (80) to any virtual key
GetVirtualKey: Could not map char: n (110) to any virtual key
GetVirtualKey: Could not map char: n (110) to any virtual key
GetVirtualKey: Could not map char: g (103) to any virtual key
GetVirtualKey: Could not map char: f (102) to any virtual key
GetVirtualKey: Could not map char: f (102) to any virtual key
GetVirtualKey: Could not map char: a (97) to any virtual key
GetVirtualKey: Could not map char: a (97) to any virtual key
GetVirtualKey: Could not map char: n (110) to any virtual key
GetVirtualKey: Could not map char: o (111) to any virtual key
GetVirtualKey: Could not map char: s (115) to any virtual key
GetVirtualKey: Could not map char: s (115) to any virtual key
GetVirtualKey: Could not map char: b (98) to any virtual key
GetVirtualKey: Could not map char: b (98) to any virtual key
GetVirtualKey: Could not map char: c (99) to any virtual key
GetVirtualKey: Could not map char: u (117) to any virtual key
Unloading 27 Unused Serialized files (Serialized files now loaded: 0)
Unloading 3724 unused Assets / (6.2 MB). Loaded Objects now: 4768.
Memory consumption went from 346.8 MB to 340.5 MB.
Total: 9.447400 ms (FindLiveObjects: 0.365900 ms CreateObjectMapping: 0.122500 ms MarkObjects: 5.499200 ms  DeleteObjects: 3.330600 ms)

Importing 'GUID: 20a138ad12477194e94cd210af5c264c - Path: Assets/QuietCamp/Resources/QuietCamp/UI/Extra/Default/icon_arrow_down_dark.png' with importer (TextureImporter)
Imported 'GUID: 20a138ad12477194e94cd210af5c264c' -> (Import Result ID: 'c3853359bbc6ebc820f2d305b8b6776f') in 0.019 seconds [static and dynamic dependencies]. Details - ImportResultOutputID=6e858e3ab3d758242cf4c70d9739946e DependenciesID=2627486cc84eb86d69a2f8dd725b32a1 StaticDependenciesID=19e16cba182f791ec16cdb0cc6b6bee4 
Asset Pipeline Refresh (id=57dd6925eeb0892498e6704b14a926df): Total: 0.188 seconds - Initiated by StopAssetImportingV2(NoUpdateAssetOptions)
Importing 'GUID: 06d4e55b4255f4240b03ca01e3032c39 - Path: Assets/QuietCamp/Resources/QuietCamp/UI/Grey/Default/slide_horizontal_grey.png' with importer (TextureImporter)
Imported 'GUID: 06d4e55b4255f4240b03ca01e3032c39' -> (Import Result ID: 'fb94aee7f993ad7569aac8891e06941d') in 0.005 seconds [static and dynamic dependencies]. Details - ImportResultOutputID=b33477113f3dfcfc52f03c0d8fabe9f2 DependenciesID=c13d05ecbf177962d3d24e7f469e2f2b StaticDependenciesID=d6df72b0e1953505e73f35d6da997ed6 
Asset Pipeline Refresh (id=4441d50897a292b4d923d60cbb5eaa6e): Total: 0.043 seconds - Initiated by StopAssetImportingV2(NoUpdateAssetOptions)
Importing 'GUID: e4dd92177c3436d4cb49610f2da898f3 - Path: Assets/QuietCamp/Resources/QuietCamp/UI/Green/Default/slide_horizontal_color.png' with importer (TextureImporter)
Imported 'GUID: e4dd92177c3436d4cb49610f2da898f3' -> (Import Result ID: '885bc5ac2042ad349440e8f7e8b82481') in 0.003 seconds [static and dynamic dependencies]. Details - ImportResultOutputID=c9b939e04847f3ca2427991b92f2c5c3 DependenciesID=27a6a2f218431c9066a4bdff16c33273 StaticDependenciesID=f1dfccdad6ec7e3d72e929b276c97367 
Asset Pipeline Refresh (id=e410e87f4d8b9e747a91bbd939bd3d2a): Total: 0.041 seconds - Initiated by StopAssetImportingV2(NoUpdateAssetOptions)
Importing 'GUID: b4d9ccdac205ad447a56f5fe96d31afe - Path: Assets/QuietCamp/Resources/QuietCamp/UI/Grey/Default/slide_hangle.png' with importer (TextureImporter)
Imported 'GUID: b4d9ccdac205ad447a56f5fe96d31afe' -> (Import Result ID: '0c6d65303cb834330be9191596f72456') in 0.003 seconds [static and dynamic dependencies]. Details - ImportResultOutputID=9e84d0443ae3b795062c1175cbca307a DependenciesID=a084228ebf846c5e83b1ba887a00251b StaticDependenciesID=69f1bf9cfe3574c2a156e96eda07d800 
Asset Pipeline Refresh (id=c1fea0e85a092c9439eeeb14f4bff4ce): Total: 0.039 seconds - Initiated by StopAssetImportingV2(NoUpdateAssetOptions)
Importing 'GUID: 3b03876c360830d4a9cc844b8e59fcef - Path: Assets/QuietCamp/Resources/QuietCamp/UI/Grey/Default/check_square_grey.png' with importer (TextureImporter)
Imported 'GUID: 3b03876c360830d4a9cc844b8e59fcef' -> (Import Result ID: '05346a2ede1f21ee83e0cea3630d7f65') in 0.003 seconds [static and dynamic dependencies]. Details - ImportResultOutputID=480e29d0b80e71bf30e7ed132f848264 DependenciesID=71eb29b0b7c5267aa24a542119d1f5b8 StaticDependenciesID=b0b889cab8bcda61ef8b6845d078cc52 
Asset Pipeline Refresh (id=c69b5d8d817befc4894ca05f2d588bb7): Total: 0.038 seconds - Initiated by StopAssetImportingV2(NoUpdateAssetOptions)
Importing 'GUID: c25d84f828882af4d9882b5033b5faf2 - Path: Assets/QuietCamp/Resources/QuietCamp/UI/Grey/Default/check_square_grey_checkmark.png' with importer (TextureImporter)
Imported 'GUID: c25d84f828882af4d9882b5033b5faf2' -> (Import Result ID: '856cf2143dc71e8f63d3826f0893d3fe') in 0.003 seconds [static and dynamic dependencies]. Details - ImportResultOutputID=4aad1c480e0f0625c789ac2268ddc01c DependenciesID=28bca13aae3f745cb3a3331b158fb21a StaticDependenciesID=dd463f8a31b77c4d74b640da9bfd7f8c 
Asset Pipeline Refresh (id=75116173e3b16334dbc409b8dfa5ab37): Total: 0.038 seconds - Initiated by StopAssetImportingV2(NoUpdateAssetOptions)
Asset Pipeline Refresh (id=0805a08683deadd42aced92bf61fd8f0): Total: 0.023 seconds - Initiated by RefreshV2(NoUpdateAssetOptions)
[QuietCamp] UI sprites imported (0 reimported), 22 mirrored to Resources
UnityEngine.Debug:ExtractStackTraceNoAlloc (byte*,int,string)
UnityEngine.StackTraceUtility:ExtractStackTrace ()
UnityEngine.DebugLogHandler:Internal_Log (UnityEngine.LogType,UnityEngine.LogOption,string,UnityEngine.Object)
UnityEngine.DebugLogHandler:LogFormat (UnityEngine.LogType,UnityEngine.Object,string,object[])
UnityEngine.Logger:Log (UnityEngine.LogType,object)
UnityEngine.Debug:Log (object)
QuietCamp.Editor.KenneyUiImporter:Run () (at Assets/QuietCamp/Editor/KenneyUiImporter.cs:77)

(Filename: Assets/QuietCamp/Editor/KenneyUiImporter.cs Line: 77)

Batchmode quit successfully invoked - shutting down!
Killing ADB server in 2,071979 seconds.
[Physics::Module] Cleanup current backend.
[Physics::Module] Id: 0xf2b8ea05
Input System module state changed to: ShutdownInProgress.
Input Polling Thread exited.
Input System module state changed to: Shutdown.
[Licensing::IpcConnector] LicenseClient-yelyzaveta.khodos-notifications channel disconnected successfully.
[Licensing::IpcConnector] LicenseClient-yelyzaveta.khodos channel disconnected successfully.
Shut down.
Lingering sessions upon destruction of worker manager
Unity Data Store service was successfully shut down
UDS shutting down local client system
Shut down UDS service system complete
AcceleratorClientConnectionCallback - disconnected - :0
Cleanup mono
CodeReloadManager destroyed
abort_threads: Failed aborting id: 00000000000073AC, mono_thread_manage will ignore it

abort_threads: Failed aborting id: 0000000000004C58, mono_thread_manage will ignore it

abort_threads: Failed aborting id: 00000000000073AC, mono_thread_manage will ignore it

abort_threads: Failed aborting id: 0000000000004C58, mono_thread_manage will ignore it

debugger-agent: Unable to listen on 3076
Exiting batchmode successfully now!
[ExitDontLaunchBugReporter] Exiting without the bug reporter. Application will exit with return code 0
